ESP-ROM:esp32s3-20210327
Build:Mar 27 2021
rst:0x1 (POWERON),boot:0x8 (SPI_FAST_FLASH_BOOT)
SPIWP:0xee
mode:DIO, clock div:1
load:0x3fce3818,len:0x1750
load:0x403c9700,len:0x4
load:0x403c9704,len:0xc00
load:0x403cc700,len:0x2e04
entry 0x403c9908
[0;32mI (27) boot: ESP-IDF v5.1.2 2nd stage bootloader[0m
[0;32mI (27) boot: compile time Jul 30 2025 11:42:57[0m
[0;32mI (27) boot: Multicore bootloader[0m
[0;32mI (30) boot: chip revision: v0.2[0m
[0;32mI (34) boot.esp32s3: Boot SPI Speed : 80MHz[0m
[0;32mI (38) boot.esp32s3: SPI Mode       : DIO[0m
[0;32mI (43) boot.esp32s3: SPI Flash Size : 2MB[0m
[0;32mI (48) boot: Enabling RNG early entropy source...[0m
[0;32mI (53) boot: Partition Table:[0m
[0;32mI (57) boot: ## Label            Usage          Type ST Offset   Length[0m
[0;32mI (64) boot:  0 nvs              WiFi data        01 02 00009000 00006000[0m
[0;32mI (72) boot:  1 phy_init         RF data          01 01 0000f000 00001000[0m
[0;32mI (79) boot:  2 factory          factory app      00 00 00010000 00100000[0m
[0;32mI (87) boot: End of partition table[0m
[0;32mI (91) esp_image: segment 0: paddr=00010020 vaddr=3c020020 size=0adc8h ( 44488) map[0m
[0;32mI (107) esp_image: segment 1: paddr=0001adf0 vaddr=3fc92300 size=0287ch ( 10364) load[0m
[0;32mI (110) esp_image: segment 2: paddr=0001d674 vaddr=40374000 size=029a4h ( 10660) load[0m
[0;32mI (119) esp_image: segment 3: paddr=00020020 vaddr=42000020 size=1a5ech (108012) map[0m
[0;32mI (144) esp_image: segment 4: paddr=0003a614 vaddr=403769a4 size=0b904h ( 47364) load[0m
[0;32mI (161) boot: Loaded app from partition at offset 0x10000[0m
[0;32mI (161) boot: Disabling RNG early entropy source...[0m
[0;32mI (172) cpu_start: Multicore app[0m
[0;32mI (172) cpu_start: Pro cpu up.[0m
[0;32mI (173) cpu_start: Starting app cpu, entry point is 0x40375358[0m
[0;32mI (0) cpu_start: App cpu up.[0m
[0;32mI (191) cpu_start: Pro cpu start user code[0m
[0;32mI (191) cpu_start: cpu freq: 160000000 Hz[0m
[0;32mI (191) cpu_start: Application information:[0m
[0;32mI (194) cpu_start: Project name:     uart_echo[0m
[0;32mI (199) cpu_start: App version:      8272166[0m
[0;32mI (204) cpu_start: Compile time:     Jul 30 2025 11:42:52[0m
[0;32mI (210) cpu_start: ELF file SHA256:  309a52cb622d276c...[0m
[0;32mI (216) cpu_start: ESP-IDF:          v5.1.2[0m
[0;32mI (221) cpu_start: Min chip rev:     v0.0[0m
[0;32mI (225) cpu_start: Max chip rev:     v0.99 [0m
[0;32mI (230) cpu_start: Chip rev:         v0.2[0m
[0;32mI (235) heap_init: Initializing. RAM available for dynamic allocation:[0m
[0;32mI (242) heap_init: At 3FC953E0 len 00054330 (336 KiB): DRAM[0m
[0;32mI (248) heap_init: At 3FCE9710 len 00005724 (21 KiB): STACK/DRAM[0m
[0;32mI (255) heap_init: At 3FCF0000 len 00008000 (32 KiB): DRAM[0m
[0;32mI (261) heap_init: At 600FE010 len 00001FD8 (7 KiB): RTCRAM[0m
[0;32mI (269) spi_flash: detected chip: boya[0m
[0;32mI (272) spi_flash: flash io: dio[0m
[0;33mW (276) spi_flash: Detected size(16384k) larger than the size in the binary image header(2048k). Using the size in the binary image header.[0m
[0;32mI (289) sleep: Configure to isolate all GPIO pins in sleep state[0m
[0;32mI (296) sleep: Enable automatic switching of GPIO sleep configuration[0m
[0;32mI (303) app_start: Starting scheduler on CPU0[0m
[0;32mI (308) app_start: St!.ï¿½[0;32mI (318) UART_ECHO: UART initialized. Type something:[0m
h[0;32mI (1948) UART_ECHO: Received: h[0m
e[0;32mI (3598) UART_ECHO: Received: e[0m
l[0;32mI (4218) UART_ECHO: Received: l[0m
l[0;32mI (4358) UART_ECHO: Received: l[0m
o[0;32mI (4518) UART_ECHO: Received: o[0m
 [0;32mI (5848) UART_ECHO: Received:  [0m
w[0;32mI (5978) UART_ECHO: Received: w[0m
orl[0;32mI (6248) UART_ECHO: Received: orl[0m
d[0;32mI (6398) UART_ECHO: Received: d[0m
 [0;32mI (6508) UART_ECHO: Received:  [0m
he[0;32mI (8708) UART_ECHO: Received: he[0m
l[0;32mI (8838) UART_ECHO: Received: l[0m
o[0;32mI (9098) UART_ECHO: Received: o[0m
he[0;32mI (10038) UART_ECHO: Received: he[0m
l[0;32mI (10138) UART_ECHO: Received: l[0m
l[0;32mI (10268) UART_ECHO: Received: l[0m
ow ro[0;32mI (10668) UART_ECHO: Received: ow ro[0m
dl[0;32mI (10828) UART_ECHO: Received: dl[0m
 [0;32mI (10968) UART_ECHO: Received:  [0m
g[0;32mI (11178) UART_ECHO: Received: g[0m
[0;32mI (11878) UART_ECHO: Received: [0m
[0;32mI (12028) UART_ECHO: Received: [0m
[0;32mI (12188) UART_ECHO: Received: [0m
f[0;32mI (12908) UART_ECHO: Received: f[0m
h[0;32mI (13078) UART_ECHO: Received: h[0m
a[0;32mI (13178) UART_ECHO: Received: a[0m
teaw [0;32mI (13498) UART_ECHO: Received: teaw [0m
[0;32mI (13698) UART_ECHO: Received: [0m
h[0;32mI (390778) UART_ECHO: Received: h[0m
e[0;32mI (391658) UART_ECHO: Received: e[0m
l[0;32mI (392358) UART_ECHO: Received: l[0m
l[0;32mI (393068) UART_ECHO: Received: l[0m
9[0;32mI (393698) UART_ECHO: Received: 9[0m
wh[0;32mI (395608) UART_ECHO: Received: wh[0m
w[0;32mI (396388) UART_ECHO: Received: w[0m
hat [0;32mI (396658) UART_ECHO: Received: hat [0m
is [0;32mI (396898) UART_ECHO: Received: is [0m
ou [0;32mI (397318) UART_ECHO: Received: ou [0m
dn[0;32mI (397488) UART_ECHO: Received: dn[0m
da[0;32mI (397678) UART_ECHO: Received: da[0m
gfea[0;32mI (397938) UART_ECHO: Received: gfea[0m
m [0;32mI (398088) UART_ECHO: Received: m [0m
what [0;32mI (399458) UART_ECHO: Received: what [0m
is [0;32mI (399728) UART_ECHO: Received: is [0m
iou [0;32mI (400198) UART_ECHO: Received: iou [0m
w[0;32mI (401318) UART_ECHO: Received: w[0m
hat [0;32mI (401638) UART_ECHO: Received: hat [0m
i[0;32mI (401878) UART_ECHO: Received: i[0m
s [0;32mI (402098) UART_ECHO: Received: s [0m
ou [0;32mI (402518) UART_ECHO: Received: ou [0m
na[0;32mI (402928) UART_ECHO: Received: na[0m
me[0;32mI (403048) UART_ECHO: Received: me[0m
 [0;32mI (403158) UART_ECHO: Received:  [0m
?[0;32mI (403398) UART_ECHO: Received: ?[0m
 [0;32mI (403508) UART_ECHO: Received:  [0m
[0;32mI (403648) UART_ECHO: Received: [0m
what [0;32mI (405478) UART_ECHO: Received: what [0m
is [0;32mI (405768) UART_ECHO: Received: is [0m
tou [0;32mI (406208) UART_ECHO: Received: tou [0m
w[0;32mI (407198) UART_ECHO: Received: w[0m
hat [0;32mI (407488) UART_ECHO: Received: hat [0m
i[0;32mI (407608) UART_ECHO: Received: i[0m
s [0;32mI (407768) UART_ECHO: Received: s [0m
ou r[0;32mI (408258) UART_ECHO: Received: ou r[0m
n[0;32mI (408368) UART_ECHO: Received: n[0m
 [0;32mI (408518) UART_ECHO: Received:  [0m
am[0;32mI (408658) UART_ECHO: Received: am[0m
e[0;32mI (408848) UART_ECHO: Received: e[0m
what[0;32mI (409828) UART_ECHO: Received: what[0m
 [0;32mI (409958) UART_ECHO: Received:  [0m
y[0;32mI (410148) UART_ECHO: Received: y[0m
whawt [0;32mI (411078) UART_ECHO: Received: whawt [0m
w[0;32mI (411878) UART_ECHO: Received: w[0m
hawt[0;32mI (412118) UART_ECHO: Received: hawt[0m
 [0;32mI (412248) UART_ECHO: Received:  [0m
is[0;32mI (412758) UART_ECHO: Received: is[0m
 [0;32mI (412898) UART_ECHO: Received:  [0m
what [0;32mI (413598) UART_ECHO: Received: what [0m
what [0;32mI (414388) UART_ECHO: Received: what [0m
i[0;32mI (414818) UART_ECHO: Received: i[0m
s [0;32mI (414968) UART_ECHO: Received: s [0m
tyou [0;32mI (415398) UART_ECHO: Received: tyou [0m
nam[0;32mI (415728) UART_ECHO: Received: nam[0m
e [0;32mI (415878) UART_ECHO: Received: e [0m
? [0;32mI (416368) UART_ECHO: Received: ? [0m
[0;32mI (416568) UART_ECHO: Received: [0m
k[0;32mI (417988) UART_ECHO: Received: k[0m
m[0;32mI (418198) UART_ECHO: Received: m[0m
i[0;32mI (418378) UART_ECHO: Received: i[0m
m[0;32mI (418538) UART_ECHO: Received: m[0m
 [0;32mI (418648) UART_ECHO: Received:  [0m
n[0;32mI (418778) UART_ECHO: Received: n[0m
ow [0;32mI (419008) UART_ECHO: Received: ow [0m
n[0;32mI (419418) UART_ECHO: Received: n[0m
wa[0;32mI (419668) UART_ECHO: Received: wa[0m
h[0;32mI (420718) UART_ECHO: Received: h[0m
el[0;32mI (420918) UART_ECHO: Received: el[0m
l[0;32mI (421068) UART_ECHO: Received: l[0m
o [0;32mI (421298) UART_ECHO: Received: o [0m
wor[0;32mI (421728) UART_ECHO: Received: wor[0m
ld [0;32mI (421938) UART_ECHO: Received: ld [0m
[0;32mI (422088) UART_ECHO: Received: [0m
][0;32mI (523358) UART_ECHO: Received: ][0m
c[0;32mI (524168) UART_ECHO: Received: c[0m
lear[0;32mI (524428) UART_ECHO: Received: lear[0m
[0;32mI (524568) UART_ECHO: Received: [0m
