 time Sep  3 2025 17:32:02[0m
[0;32mI (31) boot: Multicore bootloader[0m
[0;32mI (36) boot: chip revision: v1.0[0m
[0;3	ï¿½"%=m[0m
[0;32mI (49) boot.esp32: SPI Flash Size : 2MB[0m
[0;32mI (53) boot: Enabling RNG early entropy source...[0m
[0;32mI (59) boot: Partition Table:[0m
[0;32mI (62) boot: ## Label        ï¿½ets Jun  8 2016 00:22:57

rst:0x1 (POWERON_RESET),boot:0x13 (SPI_FAST_FLASH_BOOT)
configsip: 0, SPIWP:0xee
clk_drv:0x00,q_drv:0x00,d_drv:0x00,cs0_drv:0x00,hd_drv:0x00,wp_drv:0x00
mode:DIO, clock div:2
load:0x3fff0030,len:7084
ho 0 tail 12 room 4
load:0x40078000,len:15584
load:0x40080400,len:4
load:0x40080404,len:3876
entry 0x4008064c
[0;32mI (31) boot: ESP-IDF v5.1.2-dirty 2nd stage bootloader[0m
[0;32mI (31) boot: compile time Sep  3 2025 17:32:02[0m
[0;32mI (31) boot: Multicore bootloader[0m
[0;32mI (36) boot: chip revision: v1.0[0m
[0;32mI (39) boot.esp32: SPI Speed      : 40MHz[0m
[0;32mI (44) boot.esp32: SPI Mode       : DIO[0m
[0;32mI (49) boot.esp32: SPI Flash Size : 2MB[0m
[0;32mI (53) boot: Enabling RNG early entropy source...[0m
[0;32mI (59) boot: Partition Table:[0m
[0;32mI (62) boot: ## Label            Usage          Type ST Offset   Length[0m
[0;32mI (69) boot:  0 nvs              WiFi data        01 02 00009000 00006000[0m
[0;32mI (77) boot:  1 phy_init         RF data          01 01 0000f000 00001000[0m
[0;32mI (84) boot:  2 factory          factory app      00 00 00010000 00100000[0m
[0;32mI (92) boot: End of partition table[0m
[0;32mI (96) esp_image: segment 0: paddr=00010020 vaddr=3f400020 size=0ab00h ( 43776) map[0m
[0;32mI (120) esp_image: segment 1: paddr=0001ab28 vaddr=3ffb0000 size=02158h (  8536) load[0m
[0;32mI (124) esp_image: segment 2: paddr=0001cc88 vaddr=40080000 size=03390h ( 13200) load[0m
[0;32mI (132) esp_image: segment 3: paddr=00020020 vaddr=400d0020 size=16d2ch ( 93484) map[0m
[0;32mI (168) esp_image: segment 4: paddr=00036d54 vaddr=40083390 size=09b48h ( 39752) load[0m
[0;32mI (192) boot: Loaded app from partition at offset 0x10000[0m
[0;32mI (192) boot: Disabling RNG early entropy source...[0m
[0;32mI (203) cpu_start: Multicore app[0m
[0;32mI (204) cpu_start: Pro cpu up.[0m
[0;32mI (204) cpu_start: Starting app cpu, entry point is 0x400811e0[0m
[0;32mI (0) cpu_start: App cpu up.[0m
[0;32mI (222) cpu_start: Pro cpu start user code[0m
[0;32mI (222) cpu_start: cpu freq: 160000000 Hz[0m
[0;32mI (222) cpu_start: Application information:[0m
[0;32mI (226) cpu_start: Project name:     v_ld1_dev[0m
[0;32mI (231) cpu_start: App version:      ea06a521-dirty[0m
[0;32mI (237) cpu_start: Compile time:     Sep  5 2025 13:12:44[0m
[0;32mI (243) cpu_start: ELF file SHA256:  abc95fc51743f39a...[0m
[0;32mI (249) cpu_start: ESP-IDF:          v5.1.2-dirty[0m
[0;32mI (254) cpu_start: Min chip rev:     v0.0[0m
[0;32mI (259) cpu_start: Max chip rev:     v3.99 [0m
[0;32mI (264) cpu_start: Chip rev:         v1.0[0m
[0;32mI (269) heap_init: Initializing. RAM available for dynamic allocation:[0m
[0;32mI (276) heap_init: At 3FFAE6E0 len 00001920 (6 KiB): DRAM[0m
[0;32mI (282) heap_init: At 3FFB29D0 len 0002D630 (181 KiB): DRAM[0m
[0;32mI (288) heap_init: At 3FFE0440 len 00003AE0 (14 KiB): D/IRAM[0m
[0;32mI (295) heap_init: At 3FFE4350 len 0001BCB0 (111 KiB): D/IRAM[0m
[0;32mI (301) heap_init: At 4008CED8 len 00013128 (76 KiB): IRAM[0m
[0;32mI (309) spi_flash: detected chip: winbond[0m
[0;32mI (312) spi_flash: flash io: dio[0m
[0;33mW (316) spi_flash: Detected size(4096k) larger than the size in the binary image header(2048k). Using the size in the binary image header.[0m
[0;32mI (330) app_start: Starting scheduler on CPU0[0m
[0;32mI (334) app_start: Starting scheduler on CPU1[0m
[0;32mI (334) main_task: Started on CPU0[0m
[0;32mI (344) main_task: Calling app_main()[0m
[0;32mI (344) VLD1_UART: Starting V-LD1 + Modbus RTU Firmware[0m
[0;32mI (654) VLD1_UART: RESP OK[0m
[0;32mI (654) VLD1_UART: Firmware: V-LD1_APP-RFB-0107[0m
[0;32mI (1474) VLD1_UART: RESP OK[0m
[0;32mI (1474) VLD1_UART: Distance [m]: 2.006 m[0m
[0;32mI (1474) VLD1_UART: Magnitude [dB]: 59.00 db[0m
[0;32mI (1474) MODBUS_PDAT::  Received PDAT (Modbus RTU): Distance=54791 mm, Magnitude=82[0m
[0;32mI (1484) VLD1_UART: Forwarded PDAT to RS485 (Modbus RTU): Distance=54791 mm, Magnitude=82[0m
[0;32mI (2574) VLD1_UART: RESP OK[0m
[0;32mI (2574) VLD1_UART: Distance [m]: 2.006 m[0m
[0;32mI (2574) VLD1_UART: Magnitude [dB]: 59.00 db[0m
[0;32mI (2574) MODBUS_PDAT::  Received PDAT (Modbus RTU): Distance=54791 mm, Magnitude=184[0m
[0;32mI (2584) VLD1_UART: Forwarded PDAT to RS485 (Modbus RTU): Distance=54791 mm, Magnitude=184[0m
[0;32mI (3674) VLD1_UART: RESP OK[0m
[0;32mI (3674) VLD1_UART: Distance [m]: 2.007 m[0m
[0;32mI (3674) VLD1_UART: Magnitude [dB]: 59.00 db[0m
[0;32mI (3674) MODBUS_PDAT::  Received PDAT (Modbus RTU): Distance=55047 mm, Magnitude=210[0m
[0;32mI (3684) VLD1_UART: Forwarded PDAT to RS485 (Modbus RTU): Distance=55047 mm, Magnitude=210[0m
[0;32mI (4774) VLD1_UART: RESP OK[0m
[0;32mI (4774) VLD1_UART: Distance [m]: 2.008 m[0m
[0;32mI (4774) VLD1_UART: Magnitude [dB]: 59.00 db[0m
[0;32mI (4774) MODBUS_PDAT::  Received PDAT (Modbus RTU): Distance=55047 mm, Magnitude=184[0m
[0;32mI (4784) VLD1_UART: Forwarded PDAT to RS485 (Modbus RTU): Distance=55047 mm, Magnitude=184[0m
[0;32mI (5874) VLD1_UART: RESP OK[0m
[0;32mI (5874) VLD1_UART: Distance [m]: 2.007 m[0m
[0;32mI (5874) VLD1_UART: Magnitude [dB]: 59.00 db[0m
[0;32mI (5874) MODBUS_PDAT::  Received PDAT (Modbus RTU): Distance=55047 mm, Magnitude=158[0m
[0;32mI (5884) VLD1_UART: Forwarded PDAT to RS485 (Modbus RTU): Distance=55047 mm, Magnitude=158[0m
[0;32mI (6974) VLD1_UART: RESP OK[0m
[0;32mI (6974) VLD1_UART: Distance [m]: 2.007 m[0m
[0;32mI (6974) VLD1_UART: Magnitude [dB]: 59.00 db[0m
[0;32mI (6974) MODBUS_PDAT::  Received PDAT (Modbus RTU): Distance=55047 mm, Magnitude=184[0m
[0;32mI (6984) VLD1_UART: Forwarded PDAT to RS485 (Modbus RTU): Distance=55047 mm, Magnitude=184[0m
[0;32mI (8074) VLD1_UART: RESP OK[0m
[0;32mI (8074) VLD1_UART: Distance [m]: 2.007 m[0m
[0;32mI (8074) VLD1_UART: Magnitude [dB]: 59.00 db[0m
[0;32mI (8074) MODBUS_PDAT::  Received PDAT (Modbus RTU): Distance=54791 mm, Magnitude=133[0m
[0;32mI (8084) VLD1_UART: Forwarded PDAT to RS485 (Modbus RTU): Distance=54791 mm, Magnitude=133[0m
[0;32mI (9174) VLD1_UART: RESP OK[0m
[0;32mI (9174) VLD1_UART: Distance [m]: 2.006 m[0m
[0;32mI (9174) VLD1_UART: Magnitude [dB]: 59.00 db[0m
[0;32mI (9174) MODBUS_PDAT::  Received PDAT (Modbus RTU): Distance=54791 mm, Magnitude=158[0m
[0;32mI (9184) VLD1_UART: Forwarded PDAT to RS485 (Modbus RTU): Distance=54791 mm, Magnitude=158[0m
